PREHOOK: query: drop index src_index_2 on src
PREHOOK: type: DROPINDEX
POSTHOOK: query: drop index src_index_2 on src
POSTHOOK: type: DROPINDEX
PREHOOK: query: drop index src_index_3 on src
PREHOOK: type: DROPINDEX
POSTHOOK: query: drop index src_index_3 on src
POSTHOOK: type: DROPINDEX
PREHOOK: query: drop index src_index_4 on src
PREHOOK: type: DROPINDEX
POSTHOOK: query: drop index src_index_4 on src
POSTHOOK: type: DROPINDEX
PREHOOK: query: drop index src_index_5 on src
PREHOOK: type: DROPINDEX
POSTHOOK: query: drop index src_index_5 on src
POSTHOOK: type: DROPINDEX
PREHOOK: query: drop index src_index_6 on src
PREHOOK: type: DROPINDEX
POSTHOOK: query: drop index src_index_6 on src
POSTHOOK: type: DROPINDEX
PREHOOK: query: drop index src_index_7 on src
PREHOOK: type: DROPINDEX
POSTHOOK: query: drop index src_index_7 on src
POSTHOOK: type: DROPINDEX
PREHOOK: query: drop index x on `_t`
PREHOOK: type: DROPINDEX
POSTHOOK: query: drop index x on `_t`
POSTHOOK: type: DROPINDEX
PREHOOK: query: drop table `_t`
PREHOOK: type: DROPTABLE
POSTHOOK: query: drop table `_t`
POSTHOOK: type: DROPTABLE
PREHOOK: query: create index src_index_2 on table src(key) as 'compact' WITH DEFERRED REBUILD
PREHOOK: type: CREATEINDEX
POSTHOOK: query: create index src_index_2 on table src(key) as 'compact' WITH DEFERRED REBUILD
POSTHOOK: type: CREATEINDEX
PREHOOK: query: desc extended default__src_src_index_2__
PREHOOK: type: DESCTABLE
POSTHOOK: query: desc extended default__src_src_index_2__
POSTHOOK: type: DESCTABLE
col_name            	data_type           	comment             
	 	 
key                 	string              	default             
_bucketname         	string              	                    
_offsets            	array<bigint>       	                    
	 	 
# Detailed Table Information	 	 
Database:           	default             	 
Owner:              	null                	 
CreateTime:         	Tue Oct 26 20:31:39 PDT 2010	 
LastAccessTime:     	Wed Dec 31 16:00:00 PST 1969	 
Protect Mode:       	None                	 
Retention:          	0                   	 
Location:           	pfile:/home/skye/Documents/github-hive/build/ql/test/data/warehouse/default__src_src_index_2__	 
Table Type:         	INDEX_TABLE         	 
Table Parameters:	 	 
	transient_lastDdlTime	1288150299          
	 	 
# Storage Information	 	 
SerDe Library:      	org.apache.hadoop.hive.serde2.lazy.LazySimpleSerDe	 
InputFormat:        	org.apache.hadoop.mapred.TextInputFormat	 
OutputFormat:       	org.apache.hadoop.hive.ql.io.IgnoreKeyTextOutputFormat	 
Compressed:         	No                  	 
Num Buckets:        	-1                  	 
Bucket Columns:     	[]                  	 
Sort Columns:       	[Order(col:key, order:1)]	 
Storage Desc Params:	 	 
	serialization.format	1                   
	 	 
PREHOOK: query: create index src_index_3 on table src(key) as 'compact' WITH DEFERRED REBUILD in table src_idx_src_index_3
PREHOOK: type: CREATEINDEX
POSTHOOK: query: create index src_index_3 on table src(key) as 'compact' WITH DEFERRED REBUILD in table src_idx_src_index_3
POSTHOOK: type: CREATEINDEX
PREHOOK: query: desc extended src_idx_src_index_3
PREHOOK: type: DESCTABLE
POSTHOOK: query: desc extended src_idx_src_index_3
POSTHOOK: type: DESCTABLE
col_name            	data_type           	comment             
	 	 
key                 	string              	default             
_bucketname         	string              	                    
_offsets            	array<bigint>       	                    
	 	 
# Detailed Table Information	 	 
Database:           	default             	 
Owner:              	null                	 
CreateTime:         	Tue Oct 26 20:31:40 PDT 2010	 
LastAccessTime:     	Wed Dec 31 16:00:00 PST 1969	 
Protect Mode:       	None                	 
Retention:          	0                   	 
Location:           	pfile:/home/skye/Documents/github-hive/build/ql/test/data/warehouse/src_idx_src_index_3	 
Table Type:         	INDEX_TABLE         	 
Table Parameters:	 	 
	transient_lastDdlTime	1288150300          
	 	 
# Storage Information	 	 
SerDe Library:      	org.apache.hadoop.hive.serde2.lazy.LazySimpleSerDe	 
InputFormat:        	org.apache.hadoop.mapred.TextInputFormat	 
OutputFormat:       	org.apache.hadoop.hive.ql.io.IgnoreKeyTextOutputFormat	 
Compressed:         	No                  	 
Num Buckets:        	-1                  	 
Bucket Columns:     	[]                  	 
Sort Columns:       	[Order(col:key, order:1)]	 
Storage Desc Params:	 	 
	serialization.format	1                   
	 	 
PREHOOK: query: create index src_index_4 on table src(key) as 'compact' WITH DEFERRED REBUILD ROW FORMAT DELIMITED FIELDS TERMINATED BY '\t' STORED AS TEXTFILE
PREHOOK: type: CREATEINDEX
POSTHOOK: query: create index src_index_4 on table src(key) as 'compact' WITH DEFERRED REBUILD ROW FORMAT DELIMITED FIELDS TERMINATED BY '\t' STORED AS TEXTFILE
POSTHOOK: type: CREATEINDEX
PREHOOK: query: desc extended default__src_src_index_4__
PREHOOK: type: DESCTABLE
POSTHOOK: query: desc extended default__src_src_index_4__
POSTHOOK: type: DESCTABLE
col_name            	data_type           	comment             
	 	 
key                 	string              	default             
_bucketname         	string              	                    
_offsets            	array<bigint>       	                    
	 	 
# Detailed Table Information	 	 
Database:           	default             	 
Owner:              	null                	 
CreateTime:         	Tue Oct 26 20:31:41 PDT 2010	 
LastAccessTime:     	Wed Dec 31 16:00:00 PST 1969	 
Protect Mode:       	None                	 
Retention:          	0                   	 
Location:           	pfile:/home/skye/Documents/github-hive/build/ql/test/data/warehouse/default__src_src_index_4__	 
Table Type:         	INDEX_TABLE         	 
Table Parameters:	 	 
	transient_lastDdlTime	1288150301          
	 	 
# Storage Information	 	 
SerDe Library:      	org.apache.hadoop.hive.serde2.lazy.LazySimpleSerDe	 
InputFormat:        	org.apache.hadoop.mapred.TextInputFormat	 
OutputFormat:       	org.apache.hadoop.hive.ql.io.IgnoreKeyTextOutputFormat	 
Compressed:         	No                  	 
Num Buckets:        	-1                  	 
Bucket Columns:     	[]                  	 
Sort Columns:       	[Order(col:key, order:1)]	 
Storage Desc Params:	 	 
	serialization.format	\t                  
	field.delim         	\t                  
	 	 
PREHOOK: query: create index src_index_5 on table src(key) as 'compact' WITH DEFERRED REBUILD ROW FORMAT DELIMITED FIELDS TERMINATED BY '\t' ESCAPED BY '\\'
PREHOOK: type: CREATEINDEX
POSTHOOK: query: create index src_index_5 on table src(key) as 'compact' WITH DEFERRED REBUILD ROW FORMAT DELIMITED FIELDS TERMINATED BY '\t' ESCAPED BY '\\'
POSTHOOK: type: CREATEINDEX
PREHOOK: query: desc extended default__src_src_index_5__
PREHOOK: type: DESCTABLE
POSTHOOK: query: desc extended default__src_src_index_5__
POSTHOOK: type: DESCTABLE
col_name            	data_type           	comment             
	 	 
key                 	string              	default             
_bucketname         	string              	                    
_offsets            	array<bigint>       	                    
	 	 
# Detailed Table Information	 	 
Database:           	default             	 
Owner:              	null                	 
CreateTime:         	Tue Oct 26 20:31:41 PDT 2010	 
LastAccessTime:     	Wed Dec 31 16:00:00 PST 1969	 
Protect Mode:       	None                	 
Retention:          	0                   	 
Location:           	pfile:/home/skye/Documents/github-hive/build/ql/test/data/warehouse/default__src_src_index_5__	 
Table Type:         	INDEX_TABLE         	 
Table Parameters:	 	 
	transient_lastDdlTime	1288150301          
	 	 
# Storage Information	 	 
SerDe Library:      	org.apache.hadoop.hive.serde2.lazy.LazySimpleSerDe	 
InputFormat:        	org.apache.hadoop.mapred.TextInputFormat	 
OutputFormat:       	org.apache.hadoop.hive.ql.io.IgnoreKeyTextOutputFormat	 
Compressed:         	No                  	 
Num Buckets:        	-1                  	 
Bucket Columns:     	[]                  	 
Sort Columns:       	[Order(col:key, order:1)]	 
Storage Desc Params:	 	 
	escape.delim        	\\                  
	serialization.format	\t                  
	field.delim         	\t                  
	 	 
PREHOOK: query: create index src_index_6 on table src(key) as 'compact' WITH DEFERRED REBUILD STORED AS RCFILE
PREHOOK: type: CREATEINDEX
POSTHOOK: query: create index src_index_6 on table src(key) as 'compact' WITH DEFERRED REBUILD STORED AS RCFILE
POSTHOOK: type: CREATEINDEX
PREHOOK: query: desc extended default__src_src_index_6__
PREHOOK: type: DESCTABLE
POSTHOOK: query: desc extended default__src_src_index_6__
POSTHOOK: type: DESCTABLE
col_name            	data_type           	comment             
	 	 
key                 	string              	from deserializer   
_bucketname         	string              	from deserializer   
_offsets            	array<bigint>       	from deserializer   
	 	 
# Detailed Table Information	 	 
Database:           	default             	 
Owner:              	null                	 
CreateTime:         	Tue Oct 26 20:31:41 PDT 2010	 
LastAccessTime:     	Wed Dec 31 16:00:00 PST 1969	 
Protect Mode:       	None                	 
Retention:          	0                   	 
Location:           	pfile:/home/skye/Documents/github-hive/build/ql/test/data/warehouse/default__src_src_index_6__	 
Table Type:         	INDEX_TABLE         	 
Table Parameters:	 	 
	transient_lastDdlTime	1288150301          
	 	 
# Storage Information	 	 
SerDe Library:      	org.apache.hadoop.hive.serde2.columnar.ColumnarSerDe	 
InputFormat:        	org.apache.hadoop.hive.ql.io.RCFileInputFormat	 
OutputFormat:       	org.apache.hadoop.hive.ql.io.RCFileOutputFormat	 
Compressed:         	No                  	 
Num Buckets:        	-1                  	 
Bucket Columns:     	[]                  	 
Sort Columns:       	[Order(col:key, order:1)]	 
Storage Desc Params:	 	 
	serialization.format	1                   
	 	 
PREHOOK: query: create index src_index_7 on table src(key) as 'compact' WITH DEFERRED REBUILD in table src_idx_src_index_7 STORED AS RCFILE
PREHOOK: type: CREATEINDEX
POSTHOOK: query: create index src_index_7 on table src(key) as 'compact' WITH DEFERRED REBUILD in table src_idx_src_index_7 STORED AS RCFILE
POSTHOOK: type: CREATEINDEX
PREHOOK: query: desc extended src_idx_src_index_7
PREHOOK: type: DESCTABLE
POSTHOOK: query: desc extended src_idx_src_index_7
POSTHOOK: type: DESCTABLE
col_name            	data_type           	comment             
	 	 
key                 	string              	from deserializer   
_bucketname         	string              	from deserializer   
_offsets            	array<bigint>       	from deserializer   
	 	 
# Detailed Table Information	 	 
Database:           	default             	 
Owner:              	null                	 
CreateTime:         	Tue Oct 26 20:31:42 PDT 2010	 
LastAccessTime:     	Wed Dec 31 16:00:00 PST 1969	 
Protect Mode:       	None                	 
Retention:          	0                   	 
Location:           	pfile:/home/skye/Documents/github-hive/build/ql/test/data/warehouse/src_idx_src_index_7	 
Table Type:         	INDEX_TABLE         	 
Table Parameters:	 	 
	transient_lastDdlTime	1288150302          
	 	 
# Storage Information	 	 
SerDe Library:      	org.apache.hadoop.hive.serde2.columnar.ColumnarSerDe	 
InputFormat:        	org.apache.hadoop.hive.ql.io.RCFileInputFormat	 
OutputFormat:       	org.apache.hadoop.hive.ql.io.RCFileOutputFormat	 
Compressed:         	No                  	 
Num Buckets:        	-1                  	 
Bucket Columns:     	[]                  	 
Sort Columns:       	[Order(col:key, order:1)]	 
Storage Desc Params:	 	 
	serialization.format	1                   
	 	 
PREHOOK: query: create table `_t`(`_i` int, `_j` int)
PREHOOK: type: CREATETABLE
POSTHOOK: query: create table `_t`(`_i` int, `_j` int)
POSTHOOK: type: CREATETABLE
POSTHOOK: Output: default@_t
PREHOOK: query: create index x on table `_t`(`_j`) as 'compact' WITH DEFERRED REBUILD
PREHOOK: type: CREATEINDEX
POSTHOOK: query: create index x on table `_t`(`_j`) as 'compact' WITH DEFERRED REBUILD
POSTHOOK: type: CREATEINDEX
PREHOOK: query: alter index x on `_t` rebuild
PREHOOK: type: QUERY
PREHOOK: Input: default@_t
PREHOOK: Output: default@default___t_x__
POSTHOOK: query: alter index x on `_t` rebuild
POSTHOOK: type: QUERY
POSTHOOK: Input: default@_t
POSTHOOK: Output: default@default___t_x__
POSTHOOK: Lineage: default___t_x__._bucketname SIMPLE [(_t)_t.FieldSchema(name:INPUT__FILE__NAME, type:string, comment:), ]
POSTHOOK: Lineage: default___t_x__._j SIMPLE [(_t)_t.FieldSchema(name:_j, type:int, comment:null), ]
POSTHOOK: Lineage: default___t_x__._offsets EXPRESSION [(_t)_t.FieldSchema(name:BLOCK__OFFSET__INSIDE__FILE, type:bigint, comment:), ]
PREHOOK: query: drop index x on `_t`
PREHOOK: type: DROPINDEX
POSTHOOK: query: drop index x on `_t`
POSTHOOK: type: DROPINDEX
POSTHOOK: Lineage: default___t_x__._bucketname SIMPLE [(_t)_t.FieldSchema(name:INPUT__FILE__NAME, type:string, comment:), ]
POSTHOOK: Lineage: default___t_x__._j SIMPLE [(_t)_t.FieldSchema(name:_j, type:int, comment:null), ]
POSTHOOK: Lineage: default___t_x__._offsets EXPRESSION [(_t)_t.FieldSchema(name:BLOCK__OFFSET__INSIDE__FILE, type:bigint, comment:), ]
PREHOOK: query: drop table `_t`
PREHOOK: type: DROPTABLE
PREHOOK: Input: default@_t
PREHOOK: Output: default@_t
POSTHOOK: query: drop table `_t`
POSTHOOK: type: DROPTABLE
POSTHOOK: Input: default@_t
POSTHOOK: Output: default@_t
POSTHOOK: Lineage: default___t_x__._bucketname SIMPLE [(_t)_t.FieldSchema(name:INPUT__FILE__NAME, type:string, comment:), ]
POSTHOOK: Lineage: default___t_x__._j SIMPLE [(_t)_t.FieldSchema(name:_j, type:int, comment:null), ]
POSTHOOK: Lineage: default___t_x__._offsets EXPRESSION [(_t)_t.FieldSchema(name:BLOCK__OFFSET__INSIDE__FILE, type:bigint, comment:), ]
PREHOOK: query: drop index src_index_2 on src
PREHOOK: type: DROPINDEX
POSTHOOK: query: drop index src_index_2 on src
POSTHOOK: type: DROPINDEX
POSTHOOK: Lineage: default___t_x__._bucketname SIMPLE [(_t)_t.FieldSchema(name:INPUT__FILE__NAME, type:string, comment:), ]
POSTHOOK: Lineage: default___t_x__._j SIMPLE [(_t)_t.FieldSchema(name:_j, type:int, comment:null), ]
POSTHOOK: Lineage: default___t_x__._offsets EXPRESSION [(_t)_t.FieldSchema(name:BLOCK__OFFSET__INSIDE__FILE, type:bigint, comment:), ]
PREHOOK: query: drop index src_index_3 on src
PREHOOK: type: DROPINDEX
POSTHOOK: query: drop index src_index_3 on src
POSTHOOK: type: DROPINDEX
POSTHOOK: Lineage: default___t_x__._bucketname SIMPLE [(_t)_t.FieldSchema(name:INPUT__FILE__NAME, type:string, comment:), ]
POSTHOOK: Lineage: default___t_x__._j SIMPLE [(_t)_t.FieldSchema(name:_j, type:int, comment:null), ]
POSTHOOK: Lineage: default___t_x__._offsets EXPRESSION [(_t)_t.FieldSchema(name:BLOCK__OFFSET__INSIDE__FILE, type:bigint, comment:), ]
PREHOOK: query: drop index src_index_4 on src
PREHOOK: type: DROPINDEX
POSTHOOK: query: drop index src_index_4 on src
POSTHOOK: type: DROPINDEX
POSTHOOK: Lineage: default___t_x__._bucketname SIMPLE [(_t)_t.FieldSchema(name:INPUT__FILE__NAME, type:string, comment:), ]
POSTHOOK: Lineage: default___t_x__._j SIMPLE [(_t)_t.FieldSchema(name:_j, type:int, comment:null), ]
POSTHOOK: Lineage: default___t_x__._offsets EXPRESSION [(_t)_t.FieldSchema(name:BLOCK__OFFSET__INSIDE__FILE, type:bigint, comment:), ]
PREHOOK: query: drop index src_index_5 on src
PREHOOK: type: DROPINDEX
POSTHOOK: query: drop index src_index_5 on src
POSTHOOK: type: DROPINDEX
POSTHOOK: Lineage: default___t_x__._bucketname SIMPLE [(_t)_t.FieldSchema(name:INPUT__FILE__NAME, type:string, comment:), ]
POSTHOOK: Lineage: default___t_x__._j SIMPLE [(_t)_t.FieldSchema(name:_j, type:int, comment:null), ]
POSTHOOK: Lineage: default___t_x__._offsets EXPRESSION [(_t)_t.FieldSchema(name:BLOCK__OFFSET__INSIDE__FILE, type:bigint, comment:), ]
PREHOOK: query: drop index src_index_6 on src
PREHOOK: type: DROPINDEX
POSTHOOK: query: drop index src_index_6 on src
POSTHOOK: type: DROPINDEX
POSTHOOK: Lineage: default___t_x__._bucketname SIMPLE [(_t)_t.FieldSchema(name:INPUT__FILE__NAME, type:string, comment:), ]
POSTHOOK: Lineage: default___t_x__._j SIMPLE [(_t)_t.FieldSchema(name:_j, type:int, comment:null), ]
POSTHOOK: Lineage: default___t_x__._offsets EXPRESSION [(_t)_t.FieldSchema(name:BLOCK__OFFSET__INSIDE__FILE, type:bigint, comment:), ]
PREHOOK: query: drop index src_index_7 on src
PREHOOK: type: DROPINDEX
POSTHOOK: query: drop index src_index_7 on src
POSTHOOK: type: DROPINDEX
POSTHOOK: Lineage: default___t_x__._bucketname SIMPLE [(_t)_t.FieldSchema(name:INPUT__FILE__NAME, type:string, comment:), ]
POSTHOOK: Lineage: default___t_x__._j SIMPLE [(_t)_t.FieldSchema(name:_j, type:int, comment:null), ]
POSTHOOK: Lineage: default___t_x__._offsets EXPRESSION [(_t)_t.FieldSchema(name:BLOCK__OFFSET__INSIDE__FILE, type:bigint, comment:), ]
PREHOOK: query: show tables
PREHOOK: type: SHOWTABLES
POSTHOOK: query: show tables
POSTHOOK: type: SHOWTABLES
POSTHOOK: Lineage: default___t_x__._bucketname SIMPLE [(_t)_t.FieldSchema(name:INPUT__FILE__NAME, type:string, comment:), ]
POSTHOOK: Lineage: default___t_x__._j SIMPLE [(_t)_t.FieldSchema(name:_j, type:int, comment:null), ]
POSTHOOK: Lineage: default___t_x__._offsets EXPRESSION [(_t)_t.FieldSchema(name:BLOCK__OFFSET__INSIDE__FILE, type:bigint, comment:), ]
src
src1
src_json
src_sequencefile
src_thrift
srcbucket
srcbucket2
srcpart
